../lvgl/examples/widgets/meter/../../../src/misc/lv_anim.h:127:20:lv_anim_set_var	16	static
../lvgl/examples/widgets/meter/../../../src/misc/lv_anim.h:139:20:lv_anim_set_exec_cb	16	static
../lvgl/examples/widgets/meter/../../../src/misc/lv_anim.h:149:20:lv_anim_set_time	16	static
../lvgl/examples/widgets/meter/../../../src/misc/lv_anim.h:170:20:lv_anim_set_values	24	static
../lvgl/examples/widgets/meter/../../../src/misc/lv_anim.h:268:20:lv_anim_set_repeat_count	16	static
../lvgl/examples/widgets/meter/../../../src/hal/../draw/../misc/lv_color.h:603:26:lv_color_make	16	static
../lvgl/examples/widgets/meter/../../../src/hal/../draw/../misc/lv_color.h:703:26:lv_color_black	8	static
../lvgl/examples/widgets/meter/../../../src/hal/../draw/sw/../../core/lv_obj_pos.h:199:20:lv_obj_center	16	static
../lvgl/examples/widgets/meter/../../../src/core/lv_disp.h:184:26:lv_scr_act	8	static
../lvgl/examples/widgets/meter/lv_example_meter_3.c:6:13:set_value	16	static
../lvgl/examples/widgets/meter/lv_example_meter_3.c:14:6:lv_example_meter_3	128	static
