../lvgl/examples/layouts/flex/../../../src/misc/lv_anim.h:127:20:lv_anim_set_var	16	static
../lvgl/examples/layouts/flex/../../../src/misc/lv_anim.h:139:20:lv_anim_set_exec_cb	16	static
../lvgl/examples/layouts/flex/../../../src/misc/lv_anim.h:149:20:lv_anim_set_time	16	static
../lvgl/examples/layouts/flex/../../../src/misc/lv_anim.h:170:20:lv_anim_set_values	24	static
../lvgl/examples/layouts/flex/../../../src/misc/lv_anim.h:248:20:lv_anim_set_playback_time	16	static
../lvgl/examples/layouts/flex/../../../src/misc/lv_anim.h:268:20:lv_anim_set_repeat_count	16	static
../lvgl/examples/layouts/flex/../../../src/hal/../draw/sw/../../core/lv_obj_pos.h:199:20:lv_obj_center	16	static
../lvgl/examples/layouts/flex/../../../src/core/lv_disp.h:184:26:lv_scr_act	8	static
../lvgl/examples/layouts/flex/lv_example_flex_5.c:4:13:row_gap_anim	16	static
../lvgl/examples/layouts/flex/lv_example_flex_5.c:9:13:column_gap_anim	16	static
../lvgl/examples/layouts/flex/lv_example_flex_5.c:17:6:lv_example_flex_5	104	static
